
 Start  Stop   Length Name               Class

 00000H 0D51EH 0D51FH _TEXT              CODE
 0D51FH 0DE96H 00978H MAIN_TEXT          CODE
 0DE97H 0F760H 018CAH SHELL_TEXT         CODE
 0F761H 0F820H 000C0H UI_TEXT            CODE
 0F821H 1062EH 00E0EH CALENDAR_TEXT      CODE
 1062FH 13C1EH 035F0H LOAD_TEXT          CODE
 13C1FH 141E0H 005C2H COMPARE_TEXT       CODE
 141E1H 1438DH 001ADH QSORT_TEXT         CODE
 1438EH 1557FH 011F2H SHELLDB_TEXT       CODE
 15580H 1A0B3H 04B34H SCHEDCMD_TEXT      CODE
 1A0B4H 1B8F8H 01845H AUDIT_TEXT         CODE
 1B8F9H 1C088H 00790H ROOMCHRT_TEXT      CODE
 1C089H 21A4BH 059C3H MENU_TEXT          CODE
 21A4CH 22406H 009BBH EDIT_TEXT          CODE
 22407H 23C76H 01870H ACTIONS_TEXT       CODE
 23C80H 2423FH 005C0H E87_PROG           CODE
 24240H 271F7H 02FB8H _TEXTA             CODE
 271F8H 27F1EH 00D27H _TEXTC             CODE
 27F20H 27F20H 00000H _FARDATA           FAR_DATA
 27F20H 288DEH 009BFH MAIN_DATA          FAR_DATA
 288E0H 2AAD2H 021F3H SHELL_DATA         FAR_DATA
 2AAD4H 2ACDDH 0020AH UI_DATA            FAR_DATA
 2ACDEH 2B059H 0037CH CALENDAR_DATA      FAR_DATA
 2B05AH 2CF62H 01F09H LOAD_DATA          FAR_DATA
 2CF64H 2CF64H 00000H COMPARE_DATA       FAR_DATA
 2CF64H 2CF64H 00000H QSORT_DATA         FAR_DATA
 2CF64H 2D410H 004ADH SHELLDB_DATA       FAR_DATA
 2D412H 2F045H 01C34H SCHEDCMD_DATA      FAR_DATA
 2F046H 2F51FH 004DAH AUDIT_DATA         FAR_DATA
 2F520H 2FA41H 00522H ROOMCHRT_DATA      FAR_DATA
 2FA42H 3CD26H 0D2E5H MENU_DATA          FAR_DATA
 3CD28H 3CDCEH 000A7H EDIT_DATA          FAR_DATA
 3CDD0H 3D6EAH 0091BH ACTIONS_DATA       FAR_DATA
 3D6F0H 3D6F7H 00008H CONSTREA5_DATA     FAR_DATA
 3D700H 3D701H 00002H FSBDTR5_DATA       FAR_DATA
 3D710H 3D725H 00016H STDTR5_DATA        FAR_DATA
 3D730H 3D73BH 0000CH STRINGS5_DATA      FAR_DATA
 3D740H 3D740H 00000H _FARBSS            FAR_BSS
 3D740H 3D740H 00000H _OVERLAY_          OVRINFO
 3D740H 3D740H 00000H _1STUB_            STUBSEG
 3D740H 3E6FFH 00FC0H _DATA              DATA
 3E700H 3E703H 00004H _CVTSEG            DATA
 3E704H 3E70FH 0000CH _SCNSEG            DATA
 3E710H 3E7AFH 000A0H sseg               DATA
 3E7B0H 3E7B0H 00000H _CONST             CONST
 3E7B0H 3E7F1H 00042H _INIT_             INITDATA
 3E7F2H 3E7F2H 00000H _INITEND_          INITDATA
 3E7F2H 3E80FH 0001EH _EXIT_             EXITDATA
 3E810H 3E810H 00000H _EXITEND_          EXITDATA
 3E810H 3E940H 00131H _STACK             STACK

  Address         Publics by Name

 0000:6C4B       @$bdele$qnv
 0000:6C68       @$bdla$qnv
 0000:6D48       @$bnew$qui
 0000:6FA8       @$bnwa$qui
 1C08:4FEE       @$brlsh$qm7ostreamnc
 1C08:5845       @$xt$3ios
 1C08:587B       @$xt$6conbuf
 1C08:5803       @$xt$7ostream
 1C08:56B5       @$xt$9constream
 1C08:5990       @$xt$9streambuf
 1C08:5707       @$xt$n9constream
 0000:1355       @clreol$qm7ostream
 0000:1068       @conbuf@0$bctr$qv
 1C08:58FD       @conbuf@0$bdtr$qv
 3D6F:0000       @conbuf@0current
 0000:1135       @conbuf@0makeActive$qv
 0000:119D       @conbuf@0makeInactive$qv
 0000:10E0       @conbuf@0overflow$qi
 0000:11BE       @conbuf@0swap$qv
 1C08:5967       @conbuf@0sync$qv
 1C08:58BD       @conbuf@4
 0000:122C       @constream@0$bctr$qv
 1C08:571D       @constream@0$bdtr$qv
 3D6F:0004       @constream@0isCon_
 1C08:5970       @constream@4
 1C08:5984       @constream@4$vsf
 0000:15C5       @delline$qm7ostream
 1C08:39A8       @DisplayMainMenu$qn4MENU
 1C08:3E75       @DisplaySubMenu$qin7SUBMENU
 1C08:4F54       @DumpCurrentPage$qv
 1C08:4413       @DumpToScreen$qn9constream
 2424:0847       @endl$qm7ostream
 2424:092F       @filebuf@0$bctr$qi
 2424:0AD9       @filebuf@0$bdtr$qv
 2424:0879       @filebuf@0close$qv
 3D70:0000       @filebuf@0openprot
 2424:0C13       @filebuf@0overflow$qi
 2424:0E2F       @filebuf@0seekoff$ql12ios@seek_diri
 2424:0D69       @filebuf@0setbuf$qnci
 2424:0EC0       @filebuf@0sync$qv
 2424:1066       @filebuf@0underflow$qv
 1C08:4984       @FirstScreen$qn4FILEn9constream
 0000:13F1       @highvideo$qm7ostream
 2240:00A5       @initialize$qnn4FILEt1
 0000:1661       @insline$qm7ostream
 2424:2C28       @ios@0$bctr$qv
 2424:2CC8       @ios@0$bdtr$qv
 3D71:0004       @ios@0adjustfield
 3D71:0000       @ios@0basefield
 2424:2BA8       @ios@0bitalloc$qv
 3D71:0008       @ios@0floatfield
 2424:2D6E       @ios@0init$qn9streambuf
 3D71:000C       @ios@0nextbit
 2424:2DC8       @ios@0setf$ql
 2424:2EB5       @ios@0setf$qll
 2424:2F1F       @ios@0setstate$qi
 3D71:0012       @ios@0stdioflush
 2424:2F49       @ios@0tie$qn7ostream
 3D71:0010       @ios@0usercount
 2424:03EC       @Iostream_delete$qv
 2424:1251       @istream@0$bctr$qv
 2424:14FB       @istream@0$bdtr$qv
 2424:1226       @istream_withassign@0$basg$qn9streambuf
 2424:1377       @istream_withassign@0$bctr$qv
 2424:1609       @istream_withassign@0$bdtr$qv
 0000:148D       @lowvideo$qm7ostream
 2240:01CC       @menu10$qn4FILE
 2240:028F       @menu11$qn4FILE
 2240:04C1       @menu12$qnn4FILE
 2240:072B       @menu13$qn4FILE
 2240:0BD4       @menu14$qn4FILE
 2240:0C80       @menu20$qv
 2240:0CEA       @menu21$qnn4FILE
 2240:0FA3       @menu22$qv
 2240:104E       @menu23$qv
 2240:10D0       @menu24$qv
 2240:10D7       @menu30$qv
 2240:136D       @menu31$qv
 2240:1629       @menu32$qn4FILEt1
 2240:1801       @menu33$qv
 2240:185B       @menu34$qv
 2240:1862       @menu42$qv
 2240:1869       @menu43$qv
 2240:1870       @menu44$qv
 1C08:4B8F       @MYDialogue$qv
 1C08:478D       @myerror$qn10StatusInfonct2
 1C08:46D4       @myfgets$qncin4FILE
 0000:1529       @normvideo$qm7ostream
 1C08:514B       @Offset$qii
 2424:1956       @ostream@0$bctr$qn9streambuf
 2424:183A       @ostream@0$bctr$qv
 2424:1C0C       @ostream@0$bdtr$qv
 2424:1EF8       @ostream@0$blsh$qc
 2424:2157       @ostream@0do_opfx$qv
 2424:2194       @ostream@0do_osfx$qv
 2424:1EA4       @ostream@0flush$qv
 2424:21EF       @ostream@0outstr$qnxct1
 2424:180F       @ostream_withassign@0$basg$qn9streambuf
 2424:1A88       @ostream_withassign@0$bctr$qv
 2424:1D30       @ostream_withassign@0$bdtr$qv
 1C08:50B0       @PrintOut$qnci
 0000:18BE       @setattr$qi
 0000:1AED       @setbk$qi
 0000:1BF9       @setclr$qi
 0000:17B2       @setcrsrtype$qi
 2424:17A9       @setw$qi
 0000:19D4       @setxy$qii
 0000:6D13       @set_new_handler$qnqv$v
 0000:95CA       @set_terminate$qnqv$v
 0000:96CC       @set_unexpected$qnqv$v
 1C08:47CF       @Status$qn9constreamn10StatusInfoi
 2424:257C       @streambuf@0$bctr$qv
 2424:281A       @streambuf@0$bdtr$qv
 2424:2528       @streambuf@0doallocate$qv
 2424:26AA       @streambuf@0do_sgetn$qnci
 2424:276A       @streambuf@0do_sputn$qnxci
 2424:28EC       @streambuf@0overflow$qi
 2424:28F4       @streambuf@0pbackfail$qi
 2424:2AA5       @streambuf@0seekoff$ql12ios@seek_diri
 2424:2AB0       @streambuf@0seekpos$qli
 2424:2933       @streambuf@0setb$qnct1i
 2424:28FC       @streambuf@0setbuf$qnci
 2424:29EA       @streambuf@0setg$qnct1t1
 2424:2A55       @streambuf@0setp$qnct1
 2424:2ADF       @streambuf@0sputn$qnxci
 2424:2B58       @streambuf@0sync$qv
 2424:2BF1       @streambuf@0underflow$qv
 271F:0008       @string@0$bctr$qmx6string
 271F:00F8       @string@0$bctr$qnxc
 271F:031B       @string@0$bdtr$qv
 271F:03A8       @string@0assert_element$xqui
 271F:046D       @string@0assert_index$xqui
 3D73:0000       @string@0case_sensitive
 3D73:000A       @string@0freeboard
 3D73:0006       @string@0initial_capac
 271F:0B4E       @string@0initial_capacity$qui
 271F:0BB5       @string@0max_waste$qui
 3D73:0002       @string@0paranoid_check
 3D73:0008       @string@0resize_inc
 271F:0B78       @string@0resize_increment$qui
 271F:0AD0       @string@0set_case_sensitive$qi
 271F:0AFA       @string@0set_paranoid_check$qi
 3D73:0004       @string@0skip_white
 271F:0B24       @string@0skip_whitespace$qi
 0000:95B9       @terminate$qv
 271F:05F4       @TStringRef@0$bctr$qnxcuit1uiui
 271F:06E4       @TStringRef@0$bdtr$qv
 271F:07C9       @TStringRef@0check_freeboard$qv
 271F:0841       @TStringRef@0grow_to$qui
 271F:074B       @TStringRef@0reserve$qui
 271F:08AD       @TStringRef@0round_capacity$qui
 271F:08FF       @TStringRef@0splice$quiuinxcui
 271F:0532       @TSubString@0assert_element$xqui
 0000:CAD6       @typeinfo@0$basg$qmx8typeinfo
 0000:CA61       @typeinfo@0$bctr$qmx8typeinfo
 0000:CAE5       @typeinfo@0$bdtr$qv
 0000:CB20       @typeinfo@0$beql$xqmx8typeinfo
 0000:CB4D       @typeinfo@0$bneq$xqmx8typeinfo
 0000:CB75       @typeinfo@0before$xqmx8typeinfo
 0000:CBF4       @typeinfo@0name$xqv
 0000:96BC       @unexpected$qv
 2240:0007       @UpdateMessage$qnc
 0000:986C       @xalloc@0$bctr$qmx6stringui
 0000:98F2       @xalloc@0raise$qv
 0000:9D22       @xmsg@0$basg$qmx4xmsg
 0000:9B7F       @xmsg@0$bctr$qmx4xmsg
 0000:9AAD       @xmsg@0$bctr$qmx6string
 0000:9C31       @xmsg@0$bdtr$qv
 0000:9CA4       @xmsg@0raise$qv
 0000:6CA1       @xnew_handler$qv
 0000:B517       @_CatchCleanup$qv
 0000:AD90       @_ReThrowException$quinuc
 0000:AD30       @_ThrowException$qnvt1t1t1uiuiuinuc
 0000:CEEC       @__DynamicCast$qnvt1t1t1i
 0000:9764       @__GetPolymorphicDTC$qnvui
 0000:97BF       @__GetPolymorphicDTCfar$qnvui
 0000:CC15       @__GetTypeInfo$qnvt1t1t1
 0000:D0DF       @__RefDestructorCount$qv
 0000:D0E5       @__RefExceptionList$qv
 0000:CA4F       @__ThrowExceptionName$qv
 0000:CA2F       @__ThrowFileName$qv
 0000:CA41       @__ThrowLineNumber$qv
 3D74:0000       DATASEG@
 0000:0260       DGROUP@
 23C8:04E0       e087_Entry
 23C8:05A3       e087_Shortcut
 23C8:003F       e087_Trap
 0000:0000  Abs  FIARQQ
 0000:0000  Abs  FICRQQ
 0000:0000  Abs  FIDRQQ
 0000:0000  Abs  FIERQQ
 0000:0000  Abs  FISRQQ
 0000:0000  Abs  FIWRQQ
 0000:0000  Abs  FJARQQ
 0000:0000  Abs  FJCRQQ
 0000:0000  Abs  FJSRQQ
 0000:67F5       F_LDIV@
 0000:6804       F_LMOD@
 0000:67FC       F_LUDIV@
 0000:680C       F_LUMOD@
 0000:68A3       F_LXLSH@
 0000:67DB       F_LXMUL@
 0000:7927       F_PADD@
 0000:7987       F_PSBP@
 0000:7956       F_PSUB@
 0000:7908       F_SCOPY@
 0000:67F5       LDIV@
 0000:6804       LMOD@
 0000:67FC       LUDIV@
 0000:680C       LUMOD@
 0000:68A3       LXLSH@
 0000:67DB       LXMUL@
 0000:67F2       N_LDIV@
 0000:6801       N_LMOD@
 0000:67F9       N_LUDIV@
 0000:6809       N_LUMOD@
 0000:68A0       N_LXLSH@
 0000:68C1       N_LXMUL@
 0000:7924       N_PADD@
 0000:79AC       N_PCMP@
 0000:7984       N_PSBP@
 0000:7953       N_PSUB@
 0000:79CD       N_SCOPY@
 0000:7927       PADD@
 0000:7987       PSBP@
 0000:7956       PSUB@
 0000:7908       SCOPY@
 0000:7A9B       _abort
 3CD2:0008       _AlterFlag
 3D74:0C7C       _AmPm
 0000:8C0F       _asctime
 1558:30DB       _assign
 0000:7AB6       _atexit
 0000:8B43       _atime
 0000:04D5       _atof
 0000:6BE3       _atoi
 0000:6B62       _atol
 0F82:0D39       _atosecs
 1558:1F9D       _attach
 1A0B:0004       _audit
 21A4:0349       _BackSpace
 141E:012F       _binsearch
 0000:1016       _bioskey
 2F52:0000       _buffer
 2F52:0200       _buffer2
 1C08:4634       _bufgets
 2FA4:CBC2       _buf_end
 2FA4:CBC0       _buf_pos
 1558:440A       _CanDo
 0DE9:0C93       _cd
 3D74:0872       _cerr
 0000:346D       _chdir
 3D74:0810       _cin
 1558:0D4F       _class
 288E:0054       _ClassLevel
 1A0B:15C7       _ClassLoad
 3D74:08A2       _clog
 0000:405E       _close
 0000:2023       _clreol
 0000:2061       _clrscr
 288E:025A       _cmdline
 288E:0058       _Cmds
 288E:0004       _COLS
 1558:3BD4       _comment
 288E:0396       _common_buf
 13C1:0530       _CompareBlocksByClassTime
 13C1:04E2       _CompareBlocksByName
 13C1:039F       _CompareClassesByName
 13C1:0229       _CompareCmdsByName
 13C1:027F       _CompareCoursesByName
 13C1:043B       _CompareCoursesBySeqno
 13C1:03ED       _CompareJobsByName
 13C1:031B       _ComparePeopleByRankandName
 13C1:02CD       _ComparePeopleByShortName
 13C1:012A       _CompareRoomsByName
 13C1:0494       _CompareSchedulesBySemester
 13C1:000F       _CompareSlotListsByName
 13C1:00D4       _CompareSlotsByName
 13C1:0065       _CompareSlotsByTime
 13C1:01D0       _CompareTokensByPosition
 13C1:0178       _CompareVarsByName
 0000:78D0       _coreleft
 1558:04EC       _course
 3D74:0842       _cout
 0000:22D1       _cprintf
 0000:599F       _creat
 0000:5A77       _creatnew
 0F82:0863       _CreatSlotList
 0000:5A4B       _creattemp
 0000:8C47       _ctime
 288E:0606       _CurrentAssignment
 288E:05EE       _CurrentClass
 288E:05EA       _CurrentCourse
 27F2:02D2       _CurrentFile
 288E:05E6       _CurrentSchedule
 21A4:025E       _Cut
 3CD2:000E       _CutBuffer
 3CD2:000C       _cutbuf_pos
 27F2:01A6       _Date
 1438:0B37       _dblocks
 27F2:0054       _debug
 2B05:0A9A       _DefaultFinalBlock
 2B05:03A4       _DefaultJob
 2B05:111A       _DefaultJobApptType
 2B05:1116       _DefaultJobApptTypePtr
 2B05:04CA       _DefaultPerson
 2B05:01CC       _DefaultRoom
 2B05:002E       _DefaultSlotList
 2B05:1342       _DefaultSlotListdescription
 2B05:132E       _DefaultSlotListname
 21A4:04F5       _Delete
 0000:250B       _delline
 1438:0C55       _dfinals
 0F76:0001       _Dialogue
 2FA4:011A       _DialogueBox
 2FA4:0006       _DialogueData
 2FA4:2F1A       _DirtyFile
 1438:089C       _djobs
 0000:8E88       _dostounix
 1438:042C       _dpeople
 27F2:0000       _DriveLetter
 1438:000E       _drooms
 1438:0359       _dtimes
 0F82:053C       _DumpSlotList
 0DE9:0C06       _echo
 0DE9:0DB8       _edit
 2B05:0026       _EndOfClasses
 2B05:002A       _EndOfSemester
 0000:5AA3       _eof
 2AAD:0004       _errmsg
 3D74:007E       _errno
 27F2:0056       _errorstream
 0000:7B67       _exit
 0000:786B       _farcoreleft
 0000:7101       _farfree
 0000:73F3       _farheapcheck
 0000:75B4       _farheapcheckfree
 0000:74EE       _farheapchecknode
 0000:755A       _farheapfillfree
 0000:7615       _farheapwalk
 0000:7215       _farmalloc
 0000:7379       _farrealloc
 0D51:0887       _fatal
 0000:409D       _fclose
 0000:4164       _fdopen
 0000:41AE       _fflush
 0000:5C25       _fgetc
 0000:5D25       _fgetchar
 0000:4286       _fgets
 1558:445A       _finalblock
 2B05:0A22       _FinalBlocks
 0000:4327       _flushall
 0000:4621       _fopen
 0000:4661       _fprintf
 0000:4D0D       _fputc
 0000:4EA5       _fputchar
 0000:4688       _fputs
 0000:7101       _free
 1062:3426       _FreeClass
 1062:347F       _FreeSlotList
 0000:476D       _fseek
 0000:47F6       _ftell
 0000:34E3       _getcurdir
 0000:4B69       _getcwd
 0000:8836       _getdate
 0000:3226       _getdisk
 0000:7F56       _getenv
 0DE9:076A       _GetIndx
 0DE9:0819       _GetShell
 0000:23FD       _gettext
 0000:29E0       _gettextinfo
 0000:884D       _gettime
 0000:7C3B       _getvect
 0000:8BA1       _gmtime
 0000:238A       _gotoxy
 0000:73F3       _heapcheck
 0000:75B4       _heapcheckfree
 0000:74EE       _heapchecknode
 0000:755A       _heapfillfree
 0000:7615       _heapwalk
 0DE9:115E       _help
 0000:2111       _highvideo
 27F2:005A       _holdstream
 1062:000F       _init_defaults
 21A4:070B       _Insert
 2FA4:2F18       _InsertMode
 0000:24D3       _insline
 0000:6252       _ioctl
 0000:3575       _isatty
 27F2:0062       _istream
 2B05:0702       _Jobs
 0000:2CFF       _kbhit
 141E:0001       _krqsort
 2FA4:2F1C       _Landscape
 2B05:0020       _line
 2B05:1016       _linebuf
 2FA4:078E       _LineBuf
 2FA4:0002       _lineno
 2FA4:07E4       _LinePositions
 288E:0596       _littlebuf
 3D74:0C4C       _LMonth
 1062:01F3       _load
 0000:6286       _localeconv
 0000:8BC5       _localtime
 1C08:5105       _LogicalX
 0000:2121       _lowvideo
 0000:358A       _lseek
 3D74:0C00       _LWeekday
 0D51:000F       _main
 2FA4:2F80       _MainBuffer
 2FA4:062C       _Main_Menu
 2FA4:00B0       _Main_Window
 1B8F:05C5       _makeboxes
 0000:720B       _malloc
 2FA4:2F16       _MAXTABS
 0000:2F8F       _memcmp
 0000:2FBE       _memcpy
 0000:308B       _memmove
 0000:300B       _memset
 1C08:007F       _menu
 27F2:0003       _MissingData
 0000:8E1D       _mktime
 0DE9:156A       _more
 0000:2543       _movetext
 0000:3034       _movmem
 0D51:082F       _myerror
 0DE9:0E53       _myexit
 0DE9:1756       _myread
 2FA4:06EE       _mystatus
 288E:0A0C       _ncmds
 2FA4:2F4E       _Normalprinter
 0000:2131       _normvideo
 2B05:000C       _NumberOfSlotLists
 2B05:0014       _numblocks
 2B05:0010       _numjobs
 2B05:0012       _numpeople
 2B05:000E       _numrooms
 288E:0056       _numschedules
 288E:036C       _numtokens
 288E:060A       _nvars
 0000:5E2B       _open
 27F2:005E       _ostream
 0F82:0001       _ParseDate
 1062:2256       _ParseJobsFile
 1062:27BA       _ParsePeopleFile
 1062:1E09       _ParseRoomsFile
 1062:0D0B       _ParseTimesFile
 21A4:000C       _Paste
 21A4:011B       _PasteAhead
 288E:05F2       _PendingClass
 2B05:07CA       _People
 0000:4C0A       _perror
 0000:0E59       _pow10
 1558:3FFB       _PrintClass
 1558:3DDD       _PrintCourse
 0000:4CBD       _printf
 27F2:0375       _ProgramName
 0DE9:0727       _Prompt
 0DE9:0D2D       _push
 0000:25F2       _putch
 0000:2468       _puttext
 0000:8515       _raise
 0000:AF2C       _RaiseException
 0000:4058       _read
 0000:7372       _realloc
 0DE9:0E6C       _redirect
 0DE9:0F64       _redirect2
 1558:3B05       _refno
 1C08:5198       _RefreshLine
 0000:3626       _remove
 1C08:52F8       _Reset
 0000:50E5       _rewind
 1B8F:0009       _roomchart
 2B05:05D6       _Rooms
 0000:5114       _scanf
 1558:0000       _schedule
 288E:036E       _Schedules
 0000:0273       _scroll
 0000:7BCE       _searchpath
 27F2:00B6       _Semester
 2B05:0022       _SemesterStart
 0DE9:0857       _set
 0000:78E1       _setblock
 0000:890A       _setdate
 0000:324B       _setdisk
 0000:2FE5       _setmem
 0000:8921       _settime
 0000:5145       _setvbuf
 0000:7C4E       _setvect
 0DE9:0007       _shell
 288E:060C       _ShellVars
 0DE9:14D3       _shift
 0000:83D3       _signal
 288E:0258       _skip_input
 21A4:093C       _Slash
 0F82:073C       _SlotsDoOverlap
 3D74:0C1C       _SMonth
 0000:55DA       _sprintf
 27F2:0325       _StartUpDirectory
 27F2:0322       _StartUpDrive
 21A4:0978       _Stash
 0DE9:12ED       _status
 2FA4:0184       _Status_Bar
 0000:8864       _stime
 0000:30B7       _strcat
 0000:30FB       _strchr
 0000:313E       _strcmp
 0000:3171       _strcpy
 0000:2D60       _strcspn
 0000:62CD       _strftime
 0000:319F       _strlen
 0000:2DA9       _strncat
 0000:31C0       _strncpy
 0000:2E19       _strpbrk
 0000:2E69       _strrchr
 0000:05A0       _strtod
 0000:2EBD       _strtok
 1558:2F03       _subclass
 2FA4:0258       _SubMenu
 141E:00CF       _swap
 3D74:0BE4       _SWeekday
 0000:8683       _system
 2FA4:2EF4       _TabStops
 0DE9:105C       _take
 27F2:0106       _TempDirectory
 27F2:0156       _TempFilePath
 0000:20FB       _textattr
 0000:20D2       _textbackground
 0000:20AD       _textcolor
 0000:88AB       _time
 0F82:0DB4       _TimeChange
 2B05:003C       _TimeSlotLists
 2FA4:01EE       _Title_Line
 0000:5633       _tmpfile
 0000:5685       _tmpnam
 0DE9:1849       _toggledebug
 1062:2D9D       _tokenize
 27F2:020A       _Tokens
 2FA4:0004       _TotalLines
 0000:6297       _toupper
 0000:9235       _tzset
 0DE9:1879       _uncondbranch
 0000:616E       _ungetc
 0000:8EAC       _unixtodos
 0000:3B65       _unlink
 2B05:000A       _update_flag
 27F2:01BA       _Version
 0000:56A6       _vfprintf
 0000:5607       _vsprintf
 0000:2A5A       _wherex
 0000:2A7A       _wherey
 0000:2A9E       _window
 27F2:0066       _WorkingDirectory
 0000:405B       _write
 2FA4:07E0       _X
 2FA4:07E2       _Y
 3D74:0A7E       __8086
 3D74:00A0       __8087
 0000:7C19       __abort
 0000:58E8       __access
 0000:1000  Abs  __AHINCR
 0000:000C  Abs  __AHSHIFT
 3D74:0B8C       __argc
 3D74:0B8E       __argv
 3D74:0A80       __atexitcnt
 3D74:0A82       __atexittbl
 0000:103F       __bios_keybrd
 0000:7753       __brk
 3D74:0086       __brklvl
 3D74:006A       __C0argc
 3D74:006C       __C0argv
 0000:2C0A       __c0crtinit
 3D74:0070       __C0environ
 3D74:0215       __cChar
 0000:7B9E       __cexit
 3D74:0214       __cFlag
 0000:0147       __checknull
 0000:0134       __cleanup
 0000:5987       __close
 0000:2148       __CPUTN
 0000:5A2B       __creat
 0000:2C32       __crtinit
 3D74:091A       __ctype
 0000:C9D3       __CurrExcContext
 0000:0000  Abs  __cvtfak
 0000:7BB7       __c_exit
 3D74:0E06       __daylight
 3D74:008E       __default87
 3D74:0E1C       __DestructorCountPtr
 3D74:020A       __directvideo
 0000:7C6A       __DOSENV
 3D74:03EE       __doserrno
 0000:355A       __DOSERROR
 3D74:03F0       __dosErrorToSV
 0000:8ED6       __dostounix
 0000:31F6       __dos_getdrive
 0000:3490       __dos_getfileattr
 0000:320C       __dos_setdrive
 0000:34BB       __dos_setfileattr
 3E81:0020       __emu
 3D74:0B9C       __environ
 3D74:0074       __envLng
 3D74:0076       __envseg
 3D74:0078       __envSize
 0000:9817       __ExceptInit
 0000:BC62       __ExceptionHandler
 3D74:0080       __Exception_list
 0000:7B81       __exit
 3D74:0B02       __exitbuf
 3D74:0B06       __exitfopen
 3D74:0B0A       __exitopen
 0000:5C02       __fgetc
 0000:8087  Abs  __floatconvert
 0000:4382       __flushout
 3D74:03D4       __fmode
 0000:0F42       __fperror
 3D74:0A2E       __fpstklen
 0000:04D1       __fpuint
 0000:4CE6       __fputc
 0000:4EC7       __FPUTN
 0000:4903       __fullpath
 0000:5D3F       __getdcwd
 0000:45CE       __GETFP
 0000:7A20       __getswitchar
 0000:AED9       __Global_unwind
 3D74:0082       __heapbase
 3D74:008A       __heaptop
 3D74:00A6       __huge_dble
 3D74:00A2       __huge_flt
 3D74:00AE       __huge_ldble
 3D74:00B8       __indefinite
 3D74:005A       __Int0Vector
 3D74:005E       __Int4Vector
 3D74:0062       __Int5Vector
 3D74:0066       __Int6Vector
 0000:3509       __IOERROR
 0000:946A       __ISDST
 3D74:0092       __LDT
 0000:05E1       __LDTRUNC
 3D74:08DE       __localeconvention
 0000:BB77       __Local_unwind
 0000:68D8       __LONGTOA
 0000:3275       __MKNAME
 0000:0262       __MMODEL
 3D74:0DE0       __monthDay
 3D74:0A6A       __new_handler
 0000:5C22       __Nfgetc
 3D74:03AA       __nfile
 3D74:03D6       __notUmask
 0000:616B       __Nungetc
 0000:605E       __open
 3D74:03AC       __openfd
 0000:44F5       __OPENFP
 3D74:007C       __osmajor
 3D74:007D       __osminor
 3D74:007C       __osversion
 0000:0E6B       __POW10
 3D74:0090       __protected
 3D74:007A       __psp
 0000:3603       __read
 0000:6C23       __REALCVT
 3D74:0FC0       __RealCvtVector
 0000:01A9       __restorezero
 0000:BB9E       __Return_unwind
 0000:5930       __rtl_chmod
 0000:5958       __rtl_close
 0000:5A08       __rtl_creat
 0000:5FFC       __rtl_open
 0000:35C4       __rtl_read
 0000:61DD       __rtl_write
 0000:77A9       __sbrk
 0000:3649       __scanner
 0000:6C41       __scanpop
 0000:6C37       __scanrslt
 0000:6C2D       __scantod
 3D74:0FC4       __ScanTodVector
 0000:69B4       __scantol
 0000:2782       __SCREENIO
 0000:2864       __SCROLL
 0000:7DDE       __searchenv
 0000:7E2C       __searchstr
 0000:0000  Abs  __setargv__
 0000:22F6       __setcursortype
 0000:0000  Abs  __setenvp__
 0000:7A2E       __setswitchar
 0000:333F       __setupio
 0000:85B7       __spawn
 0000:5559       __splitpath
 3D74:0A62       __stklen
 0000:2D1C       __stpcpy
 3D74:021A       __streams
 0000:0527       __strtold
 3D74:0532       __sys_errlist
 3D74:05F2       __sys_nerr
 0000:0148       __terminate
 3D74:0E02       __timezone
 3D74:00BC       __tiny_ldble
 0000:32DD       __TMPNAM
 3D74:0808       __tmpnum
 0000:0000  Abs  __turboCrt
 0000:0000  Abs  __turboCvt
 0000:8087  Abs  __turboFloat
 3D74:0DFA       __tzname
 0000:901A       __unixtodos
 0000:695A       __UTOA
 0000:27D3       __VALIDATEXY
 3D74:007C       __version
 3D74:01FA       __video
 0000:2B72       __VideoInt
 0000:3BA0       __VPRINTER
 0000:1F69       __VPTR
 0000:1F9C       __VRAM
 0000:2A45       __wherexy
 0000:622F       __write
 3D74:01F8       __wscroll
 0000:3437       __xclose
 0000:0C43       __XCVT
 0000:5850       __xfclose
 0000:58A0       __xfflush
 0000:9636       ___call_terminate
 0000:970E       ___call_unexpected
 3D74:0E20       ___CPPexceptionList
 0000:79E9       ___ErrorMessage
 3D74:0E24       ___exceptFlags
 3D74:0E48       ___exceptionNameBuff
 3D74:0E44       ___exceptMemAllocVars
 3D74:0E40       ___exceptStaticBuffP
 3D74:0EC8       ___ExceptStaticXbuff
 0000:D159       ___ExitExceptBlocks
 0000:6FC1       ___first
 0000:533B       ___fnsplit
 0000:03FE       ___fpreset
 0000:955D       ___InitExceptBlock
 0000:D0EB       ___InitExceptBlocks
 0000:9E67       ___JumpToCatch__
 0000:6FC3       ___last
 0000:607E       ___read
 0000:6FC5       ___rover
 3D74:0E26       ___savedDS
 3D74:0E28       ___savedSI
 3D74:0B0E       ___SignalPtr
 3D74:08DA       ___stderr_streambuf
 3D74:08D2       ___stdin_streambuf
 3D74:08D6       ___stdout_streambuf
 3D74:0E2A       ___terminatePTR
 3D74:0E32       ___terminate_DS
 3D74:0E3C       ___throwExceptionName
 3D74:0E36       ___throwFileName
 3D74:0E3A       ___throwLineNumber
 3D74:0E2E       ___unexpectdPTR
 3D74:0E34       ___unexpectd_DS
 0000:56CC       ___write
 3D74:0A64       ___xalloc

  Address         Publics by Value

 0000:0000  Abs  __setargv__
 0000:0000  Abs  FIWRQQ
 0000:0000  Abs  FIERQQ
 0000:0000  Abs  FIARQQ
 0000:0000  Abs  FJSRQQ
 0000:0000  Abs  FJARQQ
 0000:0000  Abs  FICRQQ
 0000:0000  Abs  FISRQQ
 0000:0000  Abs  FJCRQQ
 0000:0000  Abs  __turboCvt
 0000:0000  Abs  __turboCrt
 0000:0000  Abs  __cvtfak
 0000:0000  Abs  __setenvp__
 0000:0000  Abs  FIDRQQ
 0000:000C  Abs  __AHSHIFT
 0000:1000  Abs  __AHINCR
 0000:8087  Abs  __turboFloat
 0000:8087  Abs  __floatconvert
 0000:0134       __cleanup
 0000:0147       __checknull
 0000:0148       __terminate
 0000:01A9       __restorezero
 0000:0260       DGROUP@
 0000:0262       __MMODEL
 0000:0273       _scroll
 0000:03FE       ___fpreset
 0000:04D1       __fpuint
 0000:04D5       _atof
 0000:0527       __strtold
 0000:05A0       _strtod
 0000:05E1       __LDTRUNC
 0000:0C43       __XCVT
 0000:0E59       _pow10
 0000:0E6B       __POW10
 0000:0F42       __fperror
 0000:1016       _bioskey
 0000:103F       __bios_keybrd
 0000:1068       @conbuf@0$bctr$qv
 0000:10E0       @conbuf@0overflow$qi
 0000:1135       @conbuf@0makeActive$qv
 0000:119D       @conbuf@0makeInactive$qv
 0000:11BE       @conbuf@0swap$qv
 0000:122C       @constream@0$bctr$qv
 0000:1355       @clreol$qm7ostream
 0000:13F1       @highvideo$qm7ostream
 0000:148D       @lowvideo$qm7ostream
 0000:1529       @normvideo$qm7ostream
 0000:15C5       @delline$qm7ostream
 0000:1661       @insline$qm7ostream
 0000:17B2       @setcrsrtype$qi
 0000:18BE       @setattr$qi
 0000:19D4       @setxy$qii
 0000:1AED       @setbk$qi
 0000:1BF9       @setclr$qi
 0000:1F69       __VPTR
 0000:1F9C       __VRAM
 0000:2023       _clreol
 0000:2061       _clrscr
 0000:20AD       _textcolor
 0000:20D2       _textbackground
 0000:20FB       _textattr
 0000:2111       _highvideo
 0000:2121       _lowvideo
 0000:2131       _normvideo
 0000:2148       __CPUTN
 0000:22D1       _cprintf
 0000:22F6       __setcursortype
 0000:238A       _gotoxy
 0000:23FD       _gettext
 0000:2468       _puttext
 0000:24D3       _insline
 0000:250B       _delline
 0000:2543       _movetext
 0000:25F2       _putch
 0000:2782       __SCREENIO
 0000:27D3       __VALIDATEXY
 0000:2864       __SCROLL
 0000:29E0       _gettextinfo
 0000:2A45       __wherexy
 0000:2A5A       _wherex
 0000:2A7A       _wherey
 0000:2A9E       _window
 0000:2B72       __VideoInt
 0000:2C0A       __c0crtinit
 0000:2C32       __crtinit
 0000:2CFF       _kbhit
 0000:2D1C       __stpcpy
 0000:2D60       _strcspn
 0000:2DA9       _strncat
 0000:2E19       _strpbrk
 0000:2E69       _strrchr
 0000:2EBD       _strtok
 0000:2F8F       _memcmp
 0000:2FBE       _memcpy
 0000:2FE5       _setmem
 0000:300B       _memset
 0000:3034       _movmem
 0000:308B       _memmove
 0000:30B7       _strcat
 0000:30FB       _strchr
 0000:313E       _strcmp
 0000:3171       _strcpy
 0000:319F       _strlen
 0000:31C0       _strncpy
 0000:31F6       __dos_getdrive
 0000:320C       __dos_setdrive
 0000:3226       _getdisk
 0000:324B       _setdisk
 0000:3275       __MKNAME
 0000:32DD       __TMPNAM
 0000:333F       __setupio
 0000:3437       __xclose
 0000:346D       _chdir
 0000:3490       __dos_getfileattr
 0000:34BB       __dos_setfileattr
 0000:34E3       _getcurdir
 0000:3509       __IOERROR
 0000:355A       __DOSERROR
 0000:3575       _isatty
 0000:358A       _lseek
 0000:35C4       __rtl_read
 0000:3603       __read
 0000:3626       _remove
 0000:3649       __scanner
 0000:3B65       _unlink
 0000:3BA0       __VPRINTER
 0000:4058       _read
 0000:405B       _write
 0000:405E       _close
 0000:409D       _fclose
 0000:4164       _fdopen
 0000:41AE       _fflush
 0000:4286       _fgets
 0000:4327       _flushall
 0000:4382       __flushout
 0000:44F5       __OPENFP
 0000:45CE       __GETFP
 0000:4621       _fopen
 0000:4661       _fprintf
 0000:4688       _fputs
 0000:476D       _fseek
 0000:47F6       _ftell
 0000:4903       __fullpath
 0000:4B69       _getcwd
 0000:4C0A       _perror
 0000:4CBD       _printf
 0000:4CE6       __fputc
 0000:4D0D       _fputc
 0000:4EA5       _fputchar
 0000:4EC7       __FPUTN
 0000:50E5       _rewind
 0000:5114       _scanf
 0000:5145       _setvbuf
 0000:533B       ___fnsplit
 0000:5559       __splitpath
 0000:55DA       _sprintf
 0000:5607       _vsprintf
 0000:5633       _tmpfile
 0000:5685       _tmpnam
 0000:56A6       _vfprintf
 0000:56CC       ___write
 0000:5850       __xfclose
 0000:58A0       __xfflush
 0000:58E8       __access
 0000:5930       __rtl_chmod
 0000:5958       __rtl_close
 0000:5987       __close
 0000:599F       _creat
 0000:5A08       __rtl_creat
 0000:5A2B       __creat
 0000:5A4B       _creattemp
 0000:5A77       _creatnew
 0000:5AA3       _eof
 0000:5C02       __fgetc
 0000:5C22       __Nfgetc
 0000:5C25       _fgetc
 0000:5D25       _fgetchar
 0000:5D3F       __getdcwd
 0000:5E2B       _open
 0000:5FFC       __rtl_open
 0000:605E       __open
 0000:607E       ___read
 0000:616B       __Nungetc
 0000:616E       _ungetc
 0000:61DD       __rtl_write
 0000:622F       __write
 0000:6252       _ioctl
 0000:6286       _localeconv
 0000:6297       _toupper
 0000:62CD       _strftime
 0000:67DB       F_LXMUL@
 0000:67DB       LXMUL@
 0000:67F2       N_LDIV@
 0000:67F5       F_LDIV@
 0000:67F5       LDIV@
 0000:67F9       N_LUDIV@
 0000:67FC       LUDIV@
 0000:67FC       F_LUDIV@
 0000:6801       N_LMOD@
 0000:6804       LMOD@
 0000:6804       F_LMOD@
 0000:6809       N_LUMOD@
 0000:680C       F_LUMOD@
 0000:680C       LUMOD@
 0000:68A0       N_LXLSH@
 0000:68A3       F_LXLSH@
 0000:68A3       LXLSH@
 0000:68C1       N_LXMUL@
 0000:68D8       __LONGTOA
 0000:695A       __UTOA
 0000:69B4       __scantol
 0000:6B62       _atol
 0000:6BE3       _atoi
 0000:6C23       __REALCVT
 0000:6C2D       __scantod
 0000:6C37       __scanrslt
 0000:6C41       __scanpop
 0000:6C4B       @$bdele$qnv
 0000:6C68       @$bdla$qnv
 0000:6CA1       @xnew_handler$qv
 0000:6D13       @set_new_handler$qnqv$v
 0000:6D48       @$bnew$qui
 0000:6FA8       @$bnwa$qui
 0000:6FC1       ___first
 0000:6FC3       ___last
 0000:6FC5       ___rover
 0000:7101       _free
 0000:7101       _farfree
 0000:720B       _malloc
 0000:7215       _farmalloc
 0000:7372       _realloc
 0000:7379       _farrealloc
 0000:73F3       _farheapcheck
 0000:73F3       _heapcheck
 0000:74EE       _heapchecknode
 0000:74EE       _farheapchecknode
 0000:755A       _farheapfillfree
 0000:755A       _heapfillfree
 0000:75B4       _heapcheckfree
 0000:75B4       _farheapcheckfree
 0000:7615       _heapwalk
 0000:7615       _farheapwalk
 0000:7753       __brk
 0000:77A9       __sbrk
 0000:786B       _farcoreleft
 0000:78D0       _coreleft
 0000:78E1       _setblock
 0000:7908       F_SCOPY@
 0000:7908       SCOPY@
 0000:7924       N_PADD@
 0000:7927       F_PADD@
 0000:7927       PADD@
 0000:7953       N_PSUB@
 0000:7956       PSUB@
 0000:7956       F_PSUB@
 0000:7984       N_PSBP@
 0000:7987       PSBP@
 0000:7987       F_PSBP@
 0000:79AC       N_PCMP@
 0000:79CD       N_SCOPY@
 0000:79E9       ___ErrorMessage
 0000:7A20       __getswitchar
 0000:7A2E       __setswitchar
 0000:7A9B       _abort
 0000:7AB6       _atexit
 0000:7B67       _exit
 0000:7B81       __exit
 0000:7B9E       __cexit
 0000:7BB7       __c_exit
 0000:7BCE       _searchpath
 0000:7C19       __abort
 0000:7C3B       _getvect
 0000:7C4E       _setvect
 0000:7C6A       __DOSENV
 0000:7DDE       __searchenv
 0000:7E2C       __searchstr
 0000:7F56       _getenv
 0000:83D3       _signal
 0000:8515       _raise
 0000:85B7       __spawn
 0000:8683       _system
 0000:8836       _getdate
 0000:884D       _gettime
 0000:8864       _stime
 0000:88AB       _time
 0000:890A       _setdate
 0000:8921       _settime
 0000:8B43       _atime
 0000:8BA1       _gmtime
 0000:8BC5       _localtime
 0000:8C0F       _asctime
 0000:8C47       _ctime
 0000:8E1D       _mktime
 0000:8E88       _dostounix
 0000:8EAC       _unixtodos
 0000:8ED6       __dostounix
 0000:901A       __unixtodos
 0000:9235       _tzset
 0000:946A       __ISDST
 0000:955D       ___InitExceptBlock
 0000:95B9       @terminate$qv
 0000:95CA       @set_terminate$qnqv$v
 0000:9636       ___call_terminate
 0000:96BC       @unexpected$qv
 0000:96CC       @set_unexpected$qnqv$v
 0000:970E       ___call_unexpected
 0000:9764       @__GetPolymorphicDTC$qnvui
 0000:97BF       @__GetPolymorphicDTCfar$qnvui
 0000:9817       __ExceptInit
 0000:986C       @xalloc@0$bctr$qmx6stringui
 0000:98F2       @xalloc@0raise$qv
 0000:9AAD       @xmsg@0$bctr$qmx6string
 0000:9B7F       @xmsg@0$bctr$qmx4xmsg
 0000:9C31       @xmsg@0$bdtr$qv
 0000:9CA4       @xmsg@0raise$qv
 0000:9D22       @xmsg@0$basg$qmx4xmsg
 0000:9E67       ___JumpToCatch__
 0000:AD30       @_ThrowException$qnvt1t1t1uiuiuinuc
 0000:AD90       @_ReThrowException$quinuc
 0000:AED9       __Global_unwind
 0000:AF2C       _RaiseException
 0000:B517       @_CatchCleanup$qv
 0000:BB77       __Local_unwind
 0000:BB9E       __Return_unwind
 0000:BC62       __ExceptionHandler
 0000:C9D3       __CurrExcContext
 0000:CA2F       @__ThrowFileName$qv
 0000:CA41       @__ThrowLineNumber$qv
 0000:CA4F       @__ThrowExceptionName$qv
 0000:CA61       @typeinfo@0$bctr$qmx8typeinfo
 0000:CAD6       @typeinfo@0$basg$qmx8typeinfo
 0000:CAE5       @typeinfo@0$bdtr$qv
 0000:CB20       @typeinfo@0$beql$xqmx8typeinfo
 0000:CB4D       @typeinfo@0$bneq$xqmx8typeinfo
 0000:CB75       @typeinfo@0before$xqmx8typeinfo
 0000:CBF4       @typeinfo@0name$xqv
 0000:CC15       @__GetTypeInfo$qnvt1t1t1
 0000:CEEC       @__DynamicCast$qnvt1t1t1i
 0000:D0DF       @__RefDestructorCount$qv
 0000:D0E5       @__RefExceptionList$qv
 0000:D0EB       ___InitExceptBlocks
 0000:D159       ___ExitExceptBlocks
 0D51:000F       _main
 0D51:082F       _myerror
 0D51:0887       _fatal
 0DE9:0007       _shell
 0DE9:0727       _Prompt
 0DE9:076A       _GetIndx
 0DE9:0819       _GetShell
 0DE9:0857       _set
 0DE9:0C06       _echo
 0DE9:0C93       _cd
 0DE9:0D2D       _push
 0DE9:0DB8       _edit
 0DE9:0E53       _myexit
 0DE9:0E6C       _redirect
 0DE9:0F64       _redirect2
 0DE9:105C       _take
 0DE9:115E       _help
 0DE9:12ED       _status
 0DE9:14D3       _shift
 0DE9:156A       _more
 0DE9:1756       _myread
 0DE9:1849       _toggledebug
 0DE9:1879       _uncondbranch
 0F76:0001       _Dialogue
 0F82:0001       _ParseDate
 0F82:053C       _DumpSlotList
 0F82:073C       _SlotsDoOverlap
 0F82:0863       _CreatSlotList
 0F82:0D39       _atosecs
 0F82:0DB4       _TimeChange
 1062:000F       _init_defaults
 1062:01F3       _load
 1062:0D0B       _ParseTimesFile
 1062:1E09       _ParseRoomsFile
 1062:2256       _ParseJobsFile
 1062:27BA       _ParsePeopleFile
 1062:2D9D       _tokenize
 1062:3426       _FreeClass
 1062:347F       _FreeSlotList
 13C1:000F       _CompareSlotListsByName
 13C1:0065       _CompareSlotsByTime
 13C1:00D4       _CompareSlotsByName
 13C1:012A       _CompareRoomsByName
 13C1:0178       _CompareVarsByName
 13C1:01D0       _CompareTokensByPosition
 13C1:0229       _CompareCmdsByName
 13C1:027F       _CompareCoursesByName
 13C1:02CD       _ComparePeopleByShortName
 13C1:031B       _ComparePeopleByRankandName
 13C1:039F       _CompareClassesByName
 13C1:03ED       _CompareJobsByName
 13C1:043B       _CompareCoursesBySeqno
 13C1:0494       _CompareSchedulesBySemester
 13C1:04E2       _CompareBlocksByName
 13C1:0530       _CompareBlocksByClassTime
 141E:0001       _krqsort
 141E:00CF       _swap
 141E:012F       _binsearch
 1438:000E       _drooms
 1438:0359       _dtimes
 1438:042C       _dpeople
 1438:089C       _djobs
 1438:0B37       _dblocks
 1438:0C55       _dfinals
 1558:0000       _schedule
 1558:04EC       _course
 1558:0D4F       _class
 1558:1F9D       _attach
 1558:2F03       _subclass
 1558:30DB       _assign
 1558:3B05       _refno
 1558:3BD4       _comment
 1558:3DDD       _PrintCourse
 1558:3FFB       _PrintClass
 1558:440A       _CanDo
 1558:445A       _finalblock
 1A0B:0004       _audit
 1A0B:15C7       _ClassLoad
 1B8F:0009       _roomchart
 1B8F:05C5       _makeboxes
 1C08:007F       _menu
 1C08:39A8       @DisplayMainMenu$qn4MENU
 1C08:3E75       @DisplaySubMenu$qin7SUBMENU
 1C08:4413       @DumpToScreen$qn9constream
 1C08:4634       _bufgets
 1C08:46D4       @myfgets$qncin4FILE
 1C08:478D       @myerror$qn10StatusInfonct2
 1C08:47CF       @Status$qn9constreamn10StatusInfoi
 1C08:4984       @FirstScreen$qn4FILEn9constream
 1C08:4B8F       @MYDialogue$qv
 1C08:4F54       @DumpCurrentPage$qv
 1C08:4FEE       @$brlsh$qm7ostreamnc
 1C08:50B0       @PrintOut$qnci
 1C08:5105       _LogicalX
 1C08:514B       @Offset$qii
 1C08:5198       _RefreshLine
 1C08:52F8       _Reset
 1C08:56B5       @$xt$9constream
 1C08:5707       @$xt$n9constream
 1C08:571D       @constream@0$bdtr$qv
 1C08:5803       @$xt$7ostream
 1C08:5845       @$xt$3ios
 1C08:587B       @$xt$6conbuf
 1C08:58BD       @conbuf@4
 1C08:58FD       @conbuf@0$bdtr$qv
 1C08:5967       @conbuf@0sync$qv
 1C08:5970       @constream@4
 1C08:5984       @constream@4$vsf
 1C08:5990       @$xt$9streambuf
 21A4:000C       _Paste
 21A4:011B       _PasteAhead
 21A4:025E       _Cut
 21A4:0349       _BackSpace
 21A4:04F5       _Delete
 21A4:070B       _Insert
 21A4:093C       _Slash
 21A4:0978       _Stash
 2240:0007       @UpdateMessage$qnc
 2240:00A5       @initialize$qnn4FILEt1
 2240:01CC       @menu10$qn4FILE
 2240:028F       @menu11$qn4FILE
 2240:04C1       @menu12$qnn4FILE
 2240:072B       @menu13$qn4FILE
 2240:0BD4       @menu14$qn4FILE
 2240:0C80       @menu20$qv
 2240:0CEA       @menu21$qnn4FILE
 2240:0FA3       @menu22$qv
 2240:104E       @menu23$qv
 2240:10D0       @menu24$qv
 2240:10D7       @menu30$qv
 2240:136D       @menu31$qv
 2240:1629       @menu32$qn4FILEt1
 2240:1801       @menu33$qv
 2240:185B       @menu34$qv
 2240:1862       @menu42$qv
 2240:1869       @menu43$qv
 2240:1870       @menu44$qv
 23C8:003F       e087_Trap
 23C8:04E0       e087_Entry
 23C8:05A3       e087_Shortcut
 2424:03EC       @Iostream_delete$qv
 2424:0847       @endl$qm7ostream
 2424:0879       @filebuf@0close$qv
 2424:092F       @filebuf@0$bctr$qi
 2424:0AD9       @filebuf@0$bdtr$qv
 2424:0C13       @filebuf@0overflow$qi
 2424:0D69       @filebuf@0setbuf$qnci
 2424:0E2F       @filebuf@0seekoff$ql12ios@seek_diri
 2424:0EC0       @filebuf@0sync$qv
 2424:1066       @filebuf@0underflow$qv
 2424:1226       @istream_withassign@0$basg$qn9streambuf
 2424:1251       @istream@0$bctr$qv
 2424:1377       @istream_withassign@0$bctr$qv
 2424:14FB       @istream@0$bdtr$qv
 2424:1609       @istream_withassign@0$bdtr$qv
 2424:17A9       @setw$qi
 2424:180F       @ostream_withassign@0$basg$qn9streambuf
 2424:183A       @ostream@0$bctr$qv
 2424:1956       @ostream@0$bctr$qn9streambuf
 2424:1A88       @ostream_withassign@0$bctr$qv
 2424:1C0C       @ostream@0$bdtr$qv
 2424:1D30       @ostream_withassign@0$bdtr$qv
 2424:1EA4       @ostream@0flush$qv
 2424:1EF8       @ostream@0$blsh$qc
 2424:2157       @ostream@0do_opfx$qv
 2424:2194       @ostream@0do_osfx$qv
 2424:21EF       @ostream@0outstr$qnxct1
 2424:2528       @streambuf@0doallocate$qv
 2424:257C       @streambuf@0$bctr$qv
 2424:26AA       @streambuf@0do_sgetn$qnci
 2424:276A       @streambuf@0do_sputn$qnxci
 2424:281A       @streambuf@0$bdtr$qv
 2424:28EC       @streambuf@0overflow$qi
 2424:28F4       @streambuf@0pbackfail$qi
 2424:28FC       @streambuf@0setbuf$qnci
 2424:2933       @streambuf@0setb$qnct1i
 2424:29EA       @streambuf@0setg$qnct1t1
 2424:2A55       @streambuf@0setp$qnct1
 2424:2AA5       @streambuf@0seekoff$ql12ios@seek_diri
 2424:2AB0       @streambuf@0seekpos$qli
 2424:2ADF       @streambuf@0sputn$qnxci
 2424:2B58       @streambuf@0sync$qv
 2424:2BA8       @ios@0bitalloc$qv
 2424:2BF1       @streambuf@0underflow$qv
 2424:2C28       @ios@0$bctr$qv
 2424:2CC8       @ios@0$bdtr$qv
 2424:2D6E       @ios@0init$qn9streambuf
 2424:2DC8       @ios@0setf$ql
 2424:2EB5       @ios@0setf$qll
 2424:2F1F       @ios@0setstate$qi
 2424:2F49       @ios@0tie$qn7ostream
 271F:0008       @string@0$bctr$qmx6string
 271F:00F8       @string@0$bctr$qnxc
 271F:031B       @string@0$bdtr$qv
 271F:03A8       @string@0assert_element$xqui
 271F:046D       @string@0assert_index$xqui
 271F:0532       @TSubString@0assert_element$xqui
 271F:05F4       @TStringRef@0$bctr$qnxcuit1uiui
 271F:06E4       @TStringRef@0$bdtr$qv
 271F:074B       @TStringRef@0reserve$qui
 271F:07C9       @TStringRef@0check_freeboard$qv
 271F:0841       @TStringRef@0grow_to$qui
 271F:08AD       @TStringRef@0round_capacity$qui
 271F:08FF       @TStringRef@0splice$quiuinxcui
 271F:0AD0       @string@0set_case_sensitive$qi
 271F:0AFA       @string@0set_paranoid_check$qi
 271F:0B24       @string@0skip_whitespace$qi
 271F:0B4E       @string@0initial_capacity$qui
 271F:0B78       @string@0resize_increment$qui
 271F:0BB5       @string@0max_waste$qui
 27F2:0000       _DriveLetter
 27F2:0003       _MissingData
 27F2:0054       _debug
 27F2:0056       _errorstream
 27F2:005A       _holdstream
 27F2:005E       _ostream
 27F2:0062       _istream
 27F2:0066       _WorkingDirectory
 27F2:00B6       _Semester
 27F2:0106       _TempDirectory
 27F2:0156       _TempFilePath
 27F2:01A6       _Date
 27F2:01BA       _Version
 27F2:020A       _Tokens
 27F2:02D2       _CurrentFile
 27F2:0322       _StartUpDrive
 27F2:0325       _StartUpDirectory
 27F2:0375       _ProgramName
 288E:0004       _COLS
 288E:0054       _ClassLevel
 288E:0056       _numschedules
 288E:0058       _Cmds
 288E:0258       _skip_input
 288E:025A       _cmdline
 288E:036C       _numtokens
 288E:036E       _Schedules
 288E:0396       _common_buf
 288E:0596       _littlebuf
 288E:05E6       _CurrentSchedule
 288E:05EA       _CurrentCourse
 288E:05EE       _CurrentClass
 288E:05F2       _PendingClass
 288E:0606       _CurrentAssignment
 288E:060A       _nvars
 288E:060C       _ShellVars
 288E:0A0C       _ncmds
 2AAD:0004       _errmsg
 2B05:000A       _update_flag
 2B05:000C       _NumberOfSlotLists
 2B05:000E       _numrooms
 2B05:0010       _numjobs
 2B05:0012       _numpeople
 2B05:0014       _numblocks
 2B05:0020       _line
 2B05:0022       _SemesterStart
 2B05:0026       _EndOfClasses
 2B05:002A       _EndOfSemester
 2B05:002E       _DefaultSlotList
 2B05:003C       _TimeSlotLists
 2B05:01CC       _DefaultRoom
 2B05:03A4       _DefaultJob
 2B05:04CA       _DefaultPerson
 2B05:05D6       _Rooms
 2B05:0702       _Jobs
 2B05:07CA       _People
 2B05:0A22       _FinalBlocks
 2B05:0A9A       _DefaultFinalBlock
 2B05:1016       _linebuf
 2B05:1116       _DefaultJobApptTypePtr
 2B05:111A       _DefaultJobApptType
 2B05:132E       _DefaultSlotListname
 2B05:1342       _DefaultSlotListdescription
 2F52:0000       _buffer
 2F52:0200       _buffer2
 2FA4:0002       _lineno
 2FA4:0004       _TotalLines
 2FA4:0006       _DialogueData
 2FA4:00B0       _Main_Window
 2FA4:011A       _DialogueBox
 2FA4:0184       _Status_Bar
 2FA4:01EE       _Title_Line
 2FA4:0258       _SubMenu
 2FA4:062C       _Main_Menu
 2FA4:06EE       _mystatus
 2FA4:078E       _LineBuf
 2FA4:07E0       _X
 2FA4:07E2       _Y
 2FA4:07E4       _LinePositions
 2FA4:2EF4       _TabStops
 2FA4:2F16       _MAXTABS
 2FA4:2F18       _InsertMode
 2FA4:2F1A       _DirtyFile
 2FA4:2F1C       _Landscape
 2FA4:2F4E       _Normalprinter
 2FA4:2F80       _MainBuffer
 2FA4:CBC0       _buf_pos
 2FA4:CBC2       _buf_end
 3CD2:0008       _AlterFlag
 3CD2:000C       _cutbuf_pos
 3CD2:000E       _CutBuffer
 3D6F:0000       @conbuf@0current
 3D6F:0004       @constream@0isCon_
 3D70:0000       @filebuf@0openprot
 3D71:0000       @ios@0basefield
 3D71:0004       @ios@0adjustfield
 3D71:0008       @ios@0floatfield
 3D71:000C       @ios@0nextbit
 3D71:0010       @ios@0usercount
 3D71:0012       @ios@0stdioflush
 3D73:0000       @string@0case_sensitive
 3D73:0002       @string@0paranoid_check
 3D73:0004       @string@0skip_white
 3D73:0006       @string@0initial_capac
 3D73:0008       @string@0resize_inc
 3D73:000A       @string@0freeboard
 3D74:0000       DATASEG@
 3D74:005A       __Int0Vector
 3D74:005E       __Int4Vector
 3D74:0062       __Int5Vector
 3D74:0066       __Int6Vector
 3D74:006A       __C0argc
 3D74:006C       __C0argv
 3D74:0070       __C0environ
 3D74:0074       __envLng
 3D74:0076       __envseg
 3D74:0078       __envSize
 3D74:007A       __psp
 3D74:007C       __version
 3D74:007C       __osversion
 3D74:007C       __osmajor
 3D74:007D       __osminor
 3D74:007E       _errno
 3D74:0080       __Exception_list
 3D74:0082       __heapbase
 3D74:0086       __brklvl
 3D74:008A       __heaptop
 3D74:008E       __default87
 3D74:0090       __protected
 3D74:0092       __LDT
 3D74:00A0       __8087
 3D74:00A2       __huge_flt
 3D74:00A6       __huge_dble
 3D74:00AE       __huge_ldble
 3D74:00B8       __indefinite
 3D74:00BC       __tiny_ldble
 3D74:01F8       __wscroll
 3D74:01FA       __video
 3D74:020A       __directvideo
 3D74:0214       __cFlag
 3D74:0215       __cChar
 3D74:021A       __streams
 3D74:03AA       __nfile
 3D74:03AC       __openfd
 3D74:03D4       __fmode
 3D74:03D6       __notUmask
 3D74:03EE       __doserrno
 3D74:03F0       __dosErrorToSV
 3D74:0532       __sys_errlist
 3D74:05F2       __sys_nerr
 3D74:0808       __tmpnum
 3D74:0810       _cin
 3D74:0842       _cout
 3D74:0872       _cerr
 3D74:08A2       _clog
 3D74:08D2       ___stdin_streambuf
 3D74:08D6       ___stdout_streambuf
 3D74:08DA       ___stderr_streambuf
 3D74:08DE       __localeconvention
 3D74:091A       __ctype
 3D74:0A2E       __fpstklen
 3D74:0A62       __stklen
 3D74:0A64       ___xalloc
 3D74:0A6A       __new_handler
 3D74:0A7E       __8086
 3D74:0A80       __atexitcnt
 3D74:0A82       __atexittbl
 3D74:0B02       __exitbuf
 3D74:0B06       __exitfopen
 3D74:0B0A       __exitopen
 3D74:0B0E       ___SignalPtr
 3D74:0B8C       __argc
 3D74:0B8E       __argv
 3D74:0B9C       __environ
 3D74:0BE4       _SWeekday
 3D74:0C00       _LWeekday
 3D74:0C1C       _SMonth
 3D74:0C4C       _LMonth
 3D74:0C7C       _AmPm
 3D74:0DE0       __monthDay
 3D74:0DFA       __tzname
 3D74:0E02       __timezone
 3D74:0E06       __daylight
 3D74:0E1C       __DestructorCountPtr
 3D74:0E20       ___CPPexceptionList
 3D74:0E24       ___exceptFlags
 3D74:0E26       ___savedDS
 3D74:0E28       ___savedSI
 3D74:0E2A       ___terminatePTR
 3D74:0E2E       ___unexpectdPTR
 3D74:0E32       ___terminate_DS
 3D74:0E34       ___unexpectd_DS
 3D74:0E36       ___throwFileName
 3D74:0E3A       ___throwLineNumber
 3D74:0E3C       ___throwExceptionName
 3D74:0E40       ___exceptStaticBuffP
 3D74:0E44       ___exceptMemAllocVars
 3D74:0E48       ___exceptionNameBuff
 3D74:0EC8       ___ExceptStaticXbuff
 3D74:0FC0       __RealCvtVector
 3D74:0FC4       __ScanTodVector
 3E81:0020       __emu

Program entry point at 0000:0000

